--------------------------------------------------------------------------------
Release 14.7 Trace  (lin64)
Copyright (c) 1995-2013 Xilinx, Inc.  All rights reserved.

/opt/Xilinx/14.7/ISE_DS/ISE/bin/lin64/unwrapped/trce -intstyle ise -v 3 -s 3 -n
3 -fastpaths -xml BoothAlgorhitm.twx BoothAlgorhitm.ncd -o BoothAlgorhitm.twr
BoothAlgorhitm.pcf

Design file:              BoothAlgorhitm.ncd
Physical constraint file: BoothAlgorhitm.pcf
Device,package,speed:     xc6slx9,tqg144,C,-3 (PRODUCTION 1.23 2013-10-13)
Report level:             verbose report

Environment Variable      Effect 
--------------------      ------ 
NONE                      No environment variables were set
--------------------------------------------------------------------------------

INFO:Timing:2698 - No timing constraints found, doing default enumeration.
INFO:Timing:3412 - To improve timing, see the Timing Closure User Guide (UG612).
INFO:Timing:2752 - To get complete path coverage, use the unconstrained paths 
   option. All paths that are not constrained will be reported in the 
   unconstrained paths section(s) of the report.
INFO:Timing:3339 - The clock-to-out numbers in this timing report are based on 
   a 50 Ohm transmission line loading model.  For the details of this model, 
   and for more information on accounting for different loading conditions, 
   please see the device datasheet.



Data Sheet report:
-----------------
All values displayed in nanoseconds (ns)

Pad to Pad
---------------+---------------+---------+
Source Pad     |Destination Pad|  Delay  |
---------------+---------------+---------+
A<0>           |Product<1>     |   11.412|
A<0>           |Product<2>     |   12.033|
A<0>           |Product<3>     |   13.240|
A<0>           |Product<4>     |   13.923|
A<0>           |Product<5>     |   14.896|
A<0>           |Product<6>     |   15.027|
A<0>           |Product<7>     |   15.541|
A<0>           |Product<8>     |   15.504|
A<0>           |Product<9>     |   15.221|
A<0>           |Product<10>    |   15.092|
A<0>           |Product<11>    |   14.859|
A<0>           |Product<12>    |   15.579|
A<0>           |Product<13>    |   15.084|
A<0>           |Product<14>    |   15.084|
A<0>           |Product<15>    |   15.369|
A<1>           |Product<2>     |   11.245|
A<1>           |Product<3>     |   14.515|
A<1>           |Product<4>     |   15.198|
A<1>           |Product<5>     |   15.796|
A<1>           |Product<6>     |   15.973|
A<1>           |Product<7>     |   16.441|
A<1>           |Product<8>     |   16.404|
A<1>           |Product<9>     |   16.121|
A<1>           |Product<10>    |   16.164|
A<1>           |Product<11>    |   16.080|
A<1>           |Product<12>    |   16.479|
A<1>           |Product<13>    |   16.113|
A<1>           |Product<14>    |   16.113|
A<1>           |Product<15>    |   16.906|
A<2>           |Product<3>     |   12.087|
A<2>           |Product<4>     |   13.193|
A<2>           |Product<5>     |   15.347|
A<2>           |Product<6>     |   15.478|
A<2>           |Product<7>     |   15.992|
A<2>           |Product<8>     |   15.955|
A<2>           |Product<9>     |   15.672|
A<2>           |Product<10>    |   15.543|
A<2>           |Product<11>    |   15.310|
A<2>           |Product<12>    |   16.030|
A<2>           |Product<13>    |   15.535|
A<2>           |Product<14>    |   15.535|
A<2>           |Product<15>    |   15.934|
A<3>           |Product<4>     |   13.507|
A<3>           |Product<5>     |   15.661|
A<3>           |Product<6>     |   15.792|
A<3>           |Product<7>     |   16.306|
A<3>           |Product<8>     |   16.269|
A<3>           |Product<9>     |   15.986|
A<3>           |Product<10>    |   15.857|
A<3>           |Product<11>    |   15.624|
A<3>           |Product<12>    |   16.344|
A<3>           |Product<13>    |   15.849|
A<3>           |Product<14>    |   15.849|
A<3>           |Product<15>    |   15.265|
A<4>           |Product<5>     |   13.237|
A<4>           |Product<6>     |   14.527|
A<4>           |Product<7>     |   15.156|
A<4>           |Product<8>     |   15.192|
A<4>           |Product<9>     |   14.909|
A<4>           |Product<10>    |   14.848|
A<4>           |Product<11>    |   15.020|
A<4>           |Product<12>    |   15.254|
A<4>           |Product<13>    |   15.053|
A<4>           |Product<14>    |   15.053|
A<4>           |Product<15>    |   15.846|
A<5>           |Product<6>     |   14.544|
A<5>           |Product<7>     |   15.075|
A<5>           |Product<8>     |   15.217|
A<5>           |Product<9>     |   14.934|
A<5>           |Product<10>    |   14.767|
A<5>           |Product<11>    |   14.939|
A<5>           |Product<12>    |   15.173|
A<5>           |Product<13>    |   14.972|
A<5>           |Product<14>    |   14.972|
A<5>           |Product<15>    |   15.765|
A<6>           |Product<7>     |   14.392|
A<6>           |Product<8>     |   15.143|
A<6>           |Product<9>     |   14.860|
A<6>           |Product<10>    |   14.546|
A<6>           |Product<11>    |   14.534|
A<6>           |Product<12>    |   14.590|
A<6>           |Product<13>    |   14.733|
A<6>           |Product<14>    |   14.733|
A<6>           |Product<15>    |   15.797|
A<7>           |Product<8>     |   14.985|
A<7>           |Product<9>     |   14.702|
A<7>           |Product<10>    |   14.388|
A<7>           |Product<11>    |   14.376|
A<7>           |Product<12>    |   14.061|
A<7>           |Product<13>    |   14.575|
A<7>           |Product<14>    |   14.575|
A<7>           |Product<15>    |   15.639|
A<8>           |Product<2>     |   12.677|
A<8>           |Product<3>     |   13.055|
A<8>           |Product<4>     |   13.738|
A<8>           |Product<5>     |   13.794|
A<8>           |Product<6>     |   14.121|
A<8>           |Product<7>     |   14.440|
A<8>           |Product<8>     |   16.277|
A<8>           |Product<9>     |   15.994|
A<8>           |Product<10>    |   15.575|
A<8>           |Product<11>    |   15.517|
A<8>           |Product<12>    |   15.683|
A<8>           |Product<13>    |   15.691|
A<8>           |Product<14>    |   15.691|
A<8>           |Product<15>    |   16.700|
A<8>           |Product<16>    |   11.508|
R<0>           |Product<1>     |   10.532|
R<0>           |Product<2>     |   10.928|
R<0>           |Product<3>     |   13.764|
R<0>           |Product<4>     |   14.447|
R<0>           |Product<5>     |   15.538|
R<0>           |Product<6>     |   16.695|
R<0>           |Product<7>     |   16.776|
R<0>           |Product<8>     |   16.983|
R<0>           |Product<9>     |   16.700|
R<0>           |Product<10>    |   17.084|
R<0>           |Product<11>    |   17.130|
R<0>           |Product<12>    |   17.219|
R<0>           |Product<13>    |   17.037|
R<0>           |Product<14>    |   17.037|
R<0>           |Product<15>    |   18.131|
R<1>           |Product<1>     |   11.037|
R<1>           |Product<2>     |   11.512|
R<1>           |Product<3>     |   13.208|
R<1>           |Product<4>     |   13.891|
R<1>           |Product<5>     |   14.464|
R<1>           |Product<6>     |   15.307|
R<1>           |Product<7>     |   15.447|
R<1>           |Product<8>     |   15.671|
R<1>           |Product<9>     |   15.388|
R<1>           |Product<10>    |   15.159|
R<1>           |Product<11>    |   15.205|
R<1>           |Product<12>    |   15.294|
R<1>           |Product<13>    |   15.112|
R<1>           |Product<14>    |   15.112|
R<1>           |Product<15>    |   16.206|
R<2>           |Product<2>     |   10.695|
R<2>           |Product<3>     |   13.807|
R<2>           |Product<4>     |   14.490|
R<2>           |Product<5>     |   15.063|
R<2>           |Product<6>     |   15.906|
R<2>           |Product<7>     |   16.222|
R<2>           |Product<8>     |   16.888|
R<2>           |Product<9>     |   16.627|
R<2>           |Product<10>    |   17.126|
R<2>           |Product<11>    |   17.111|
R<2>           |Product<12>    |   17.286|
R<2>           |Product<13>    |   17.310|
R<2>           |Product<14>    |   17.310|
R<2>           |Product<15>    |   17.899|
R<3>           |Product<3>     |   10.605|
R<3>           |Product<4>     |   11.816|
R<3>           |Product<5>     |   12.507|
R<3>           |Product<6>     |   13.462|
R<3>           |Product<7>     |   13.628|
R<3>           |Product<8>     |   14.304|
R<3>           |Product<9>     |   14.021|
R<3>           |Product<10>    |   14.148|
R<3>           |Product<11>    |   14.133|
R<3>           |Product<12>    |   14.308|
R<3>           |Product<13>    |   14.332|
R<3>           |Product<14>    |   14.332|
R<3>           |Product<15>    |   14.921|
R<4>           |Product<4>     |   12.106|
R<4>           |Product<5>     |   13.411|
R<4>           |Product<6>     |   14.326|
R<4>           |Product<7>     |   14.407|
R<4>           |Product<8>     |   15.314|
R<4>           |Product<9>     |   15.031|
R<4>           |Product<10>    |   14.933|
R<4>           |Product<11>    |   14.715|
R<4>           |Product<12>    |   14.878|
R<4>           |Product<13>    |   14.728|
R<4>           |Product<14>    |   14.728|
R<4>           |Product<15>    |   15.716|
R<5>           |Product<5>     |   12.198|
R<5>           |Product<6>     |   13.355|
R<5>           |Product<7>     |   13.436|
R<5>           |Product<8>     |   13.127|
R<5>           |Product<9>     |   13.245|
R<5>           |Product<10>    |   13.744|
R<5>           |Product<11>    |   13.790|
R<5>           |Product<12>    |   13.879|
R<5>           |Product<13>    |   13.697|
R<5>           |Product<14>    |   13.697|
R<5>           |Product<15>    |   14.791|
R<6>           |Product<6>     |   12.726|
R<6>           |Product<7>     |   12.807|
R<6>           |Product<8>     |   12.969|
R<6>           |Product<9>     |   12.708|
R<6>           |Product<10>    |   13.207|
R<6>           |Product<11>    |   13.192|
R<6>           |Product<12>    |   13.367|
R<6>           |Product<13>    |   13.375|
R<6>           |Product<14>    |   13.375|
R<6>           |Product<15>    |   13.980|
R<7>           |Product<7>     |   11.578|
R<7>           |Product<8>     |   12.345|
R<7>           |Product<9>     |   11.836|
R<7>           |Product<10>    |   12.166|
R<7>           |Product<11>    |   12.148|
R<7>           |Product<12>    |   12.610|
R<7>           |Product<13>    |   13.089|
R<7>           |Product<14>    |   13.089|
R<7>           |Product<15>    |   13.633|
R<8>           |Product<1>     |   11.107|
R<8>           |Product<2>     |   11.304|
R<8>           |Product<3>     |   13.028|
R<8>           |Product<4>     |   13.711|
R<8>           |Product<5>     |   14.284|
R<8>           |Product<6>     |   15.127|
R<8>           |Product<7>     |   15.267|
R<8>           |Product<8>     |   15.491|
R<8>           |Product<9>     |   15.208|
R<8>           |Product<10>    |   15.037|
R<8>           |Product<11>    |   14.990|
R<8>           |Product<12>    |   15.079|
R<8>           |Product<13>    |   14.905|
R<8>           |Product<14>    |   14.905|
R<8>           |Product<15>    |   15.991|
R<8>           |Product<16>    |   10.614|
---------------+---------------+---------+


Analysis completed Wed Apr  9 19:45:25 2025 
--------------------------------------------------------------------------------

Trace Settings:
-------------------------
Trace Settings 

Peak Memory Usage: 383 MB



