Release 14.7 - xst P.20131013 (lin64)
Copyright (c) 1995-2013 Xilinx, Inc.  All rights reserved.
--> 
Parameter TMPDIR set to xst/projnav.tmp


Total REAL time to Xst completion: 1.00 secs
Total CPU time to Xst completion: 0.00 secs
 
--> 
Parameter xsthdpdir set to xst


Total REAL time to Xst completion: 1.00 secs
Total CPU time to Xst completion: 0.00 secs
 
--> 
Reading design: BoothAlgorhitm.prj

TABLE OF CONTENTS
  1) Synthesis Options Summary
  2) HDL Parsing
  3) HDL Elaboration
  4) HDL Synthesis
       4.1) HDL Synthesis Report
  5) Advanced HDL Synthesis
       5.1) Advanced HDL Synthesis Report
  6) Low Level Synthesis
  7) Partition Report
  8) Design Summary
       8.1) Primitive and Black Box Usage
       8.2) Device utilization summary
       8.3) Partition Resource Summary
       8.4) Timing Report
            8.4.1) Clock Information
            8.4.2) Asynchronous Control Signals Information
            8.4.3) Timing Summary
            8.4.4) Timing Details
            8.4.5) Cross Clock Domains Report


=========================================================================
*                      Synthesis Options Summary                        *
=========================================================================
---- Source Parameters
Input File Name                    : "BoothAlgorhitm.prj"
Ignore Synthesis Constraint File   : NO

---- Target Parameters
Output File Name                   : "BoothAlgorhitm"
Output Format                      : NGC
Target Device                      : xc6slx9-3-tqg144

---- Source Options
Top Module Name                    : BoothAlgorhitm
Automatic FSM Extraction           : YES
FSM Encoding Algorithm             : Auto
Safe Implementation                : No
FSM Style                          : LUT
RAM Extraction                     : Yes
RAM Style                          : Auto
ROM Extraction                     : Yes
Shift Register Extraction          : YES
ROM Style                          : Auto
Resource Sharing                   : YES
Asynchronous To Synchronous        : NO
Shift Register Minimum Size        : 2
Use DSP Block                      : Auto
Automatic Register Balancing       : No

---- Target Options
LUT Combining                      : Auto
Reduce Control Sets                : Auto
Add IO Buffers                     : YES
Global Maximum Fanout              : 100000
Add Generic Clock Buffer(BUFG)     : 16
Register Duplication               : YES
Optimize Instantiated Primitives   : NO
Use Clock Enable                   : Auto
Use Synchronous Set                : Auto
Use Synchronous Reset              : Auto
Pack IO Registers into IOBs        : Auto
Equivalent register Removal        : YES

---- General Options
Optimization Goal                  : Speed
Optimization Effort                : 1
Power Reduction                    : NO
Keep Hierarchy                     : No
Netlist Hierarchy                  : As_Optimized
RTL Output                         : Yes
Global Optimization                : AllClockNets
Read Cores                         : YES
Write Timing Constraints           : NO
Cross Clock Analysis               : NO
Hierarchy Separator                : /
Bus Delimiter                      : <>
Case Specifier                     : Maintain
Slice Utilization Ratio            : 100
BRAM Utilization Ratio             : 100
DSP48 Utilization Ratio            : 100
Auto BRAM Packing                  : NO
Slice Utilization Ratio Delta      : 5

=========================================================================


=========================================================================
*                          HDL Parsing                                  *
=========================================================================
Parsing VHDL file "/home/ise/XilinxCode/BoothWallace/FullAdder16bits.vhd" into library work
Parsing entity <FullAdder16bits>.
Parsing architecture <Behavioral> of entity <fulladder16bits>.
Parsing VHDL file "/home/ise/XilinxCode/BoothWallace/CarrySave.vhd" into library work
Parsing entity <CarrySave>.
Parsing architecture <Behavioral> of entity <carrysave>.
Parsing VHDL file "/home/ise/XilinxCode/BoothWallace/BoothAlgorhitm.vhd" into library work
Parsing entity <BoothAlgorhitm>.
Parsing architecture <Behavioral> of entity <boothalgorhitm>.
WARNING:HDLCompiler:946 - "/home/ise/XilinxCode/BoothWallace/BoothAlgorhitm.vhd" Line 57: Actual for formal port a is neither a static name nor a globally static expression
WARNING:HDLCompiler:946 - "/home/ise/XilinxCode/BoothWallace/BoothAlgorhitm.vhd" Line 58: Actual for formal port a is neither a static name nor a globally static expression

=========================================================================
*                            HDL Elaboration                            *
=========================================================================

Elaborating entity <BoothAlgorhitm> (architecture <Behavioral>) from library <work>.

Elaborating entity <FullAdder16bits> (architecture <Behavioral>) from library <work>.
WARNING:HDLCompiler:1127 - "/home/ise/XilinxCode/BoothWallace/BoothAlgorhitm.vhd" Line 110: Assignment to m8 ignored, since the identifier is never used

Elaborating entity <CarrySave> (architecture <Behavioral>) from library <work>.

=========================================================================
*                           HDL Synthesis                               *
=========================================================================

Synthesizing Unit <BoothAlgorhitm>.
    Related source file is "/home/ise/XilinxCode/BoothWallace/BoothAlgorhitm.vhd".
INFO:Xst:3210 - "/home/ise/XilinxCode/BoothWallace/BoothAlgorhitm.vhd" line 57: Output port <Cout> of the instance <C1> is unconnected or connected to loadless signal.
INFO:Xst:3210 - "/home/ise/XilinxCode/BoothWallace/BoothAlgorhitm.vhd" line 58: Output port <Cout> of the instance <C2> is unconnected or connected to loadless signal.
    Found 16-bit adder for signal <F> created at line 166.
    Summary:
	inferred   1 Adder/Subtractor(s).
	inferred  18 Multiplexer(s).
Unit <BoothAlgorhitm> synthesized.

Synthesizing Unit <FullAdder16bits>.
    Related source file is "/home/ise/XilinxCode/BoothWallace/FullAdder16bits.vhd".
    Summary:
Unit <FullAdder16bits> synthesized.

Synthesizing Unit <CarrySave>.
    Related source file is "/home/ise/XilinxCode/BoothWallace/CarrySave.vhd".
    Summary:
Unit <CarrySave> synthesized.

=========================================================================
HDL Synthesis Report

Macro Statistics
# Adders/Subtractors                                   : 1
 16-bit adder                                          : 1
# Multiplexers                                         : 18
 16-bit 2-to-1 multiplexer                             : 17
 8-bit 2-to-1 multiplexer                              : 1
# Xors                                                 : 77
 1-bit xor2                                            : 65
 16-bit xor2                                           : 12

=========================================================================

=========================================================================
*                       Advanced HDL Synthesis                          *
=========================================================================


=========================================================================
Advanced HDL Synthesis Report

Macro Statistics
# Adders/Subtractors                                   : 1
 16-bit adder                                          : 1
# Multiplexers                                         : 18
 16-bit 2-to-1 multiplexer                             : 17
 8-bit 2-to-1 multiplexer                              : 1
# Xors                                                 : 77
 1-bit xor2                                            : 65
 16-bit xor2                                           : 12

=========================================================================

=========================================================================
*                         Low Level Synthesis                           *
=========================================================================

Optimizing unit <BoothAlgorhitm> ...

Optimizing unit <FullAdder16bits> ...

Mapping all equations...
Building and optimizing final netlist ...
Found area constraint ratio of 100 (+ 5) on block BoothAlgorhitm, actual ratio is 5.

Final Macro Processing ...

=========================================================================
Final Register Report

Found no macro
=========================================================================

=========================================================================
*                           Partition Report                            *
=========================================================================

Partition Implementation Status
-------------------------------

  No Partitions were found in this design.

-------------------------------

=========================================================================
*                            Design Summary                             *
=========================================================================

Top Level Output File Name         : BoothAlgorhitm.ngc

Primitive and Black Box Usage:
------------------------------
# BELS                             : 219
#      GND                         : 1
#      LUT2                        : 4
#      LUT3                        : 19
#      LUT4                        : 11
#      LUT5                        : 69
#      LUT6                        : 90
#      MUXCY                       : 10
#      XORCY                       : 15
# IO Buffers                       : 35
#      IBUF                        : 18
#      OBUF                        : 17

Device utilization summary:
---------------------------

Selected Device : 6slx9tqg144-3 


Slice Logic Utilization: 
 Number of Slice LUTs:                  193  out of   5720     3%  
    Number used as Logic:               193  out of   5720     3%  

Slice Logic Distribution: 
 Number of LUT Flip Flop pairs used:    193
   Number with an unused Flip Flop:     193  out of    193   100%  
   Number with an unused LUT:             0  out of    193     0%  
   Number of fully used LUT-FF pairs:     0  out of    193     0%  
   Number of unique control sets:         0

IO Utilization: 
 Number of IOs:                          35
 Number of bonded IOBs:                  35  out of    102    34%  

Specific Feature Utilization:

---------------------------
Partition Resource Summary:
---------------------------

  No Partitions were found in this design.

---------------------------


=========================================================================
Timing Report

NOTE: THESE TIMING NUMBERS ARE ONLY A SYNTHESIS ESTIMATE.
      FOR ACCURATE TIMING INFORMATION PLEASE REFER TO THE TRACE REPORT
      GENERATED AFTER PLACE-and-ROUTE.

Clock Information:
------------------
No clock signals found in this design

Asynchronous Control Signals Information:
----------------------------------------
No asynchronous control signals found in this design

Timing Summary:
---------------
Speed Grade: -3

   Minimum period: No path found
   Minimum input arrival time before clock: No path found
   Maximum output required time after clock: No path found
   Maximum combinational path delay: 14.848ns

Timing Details:
---------------
All values displayed in nanoseconds (ns)

=========================================================================
Timing constraint: Default path analysis
  Total number of paths / destination ports: 103230 / 17
-------------------------------------------------------------------------
Delay:               14.848ns (Levels of Logic = 12)
  Source:            R<0> (PAD)
  Destination:       Product<15> (PAD)

  Data Path: R<0> to Product<15>
                                Gate     Net
    Cell:in->out      fanout   Delay   Delay  Logical Name (Net Name)
    ----------------------------------------  ------------
     IBUF:I->O            40   1.222   1.510  R_0_IBUF (MultR<0>)
     LUT2:I0->O            1   0.203   0.827  C2/Mxor_S<2>_xo<0>21 (C2/Mxor_S<2>_xo<0>2)
     LUT6:I2->O           22   0.203   1.498  Mmux_MultR61 (MultR<5>)
     LUT6:I0->O            3   0.203   1.015  Mmux_M531 (M5<12>)
     LUT6:I0->O            2   0.203   0.961  CSA2/Mxor_S_12_xo<0>1 (VECS02<12>)
     LUT6:I1->O            3   0.203   0.879  CSA3/Mxor_S_12_xo<0>1 (VECS03<12>)
     LUT3:I0->O            2   0.205   0.864  CSA5/Ca<12>1 (aux5<12>)
     LUT5:I1->O            1   0.203   0.944  CSA6/Ca<13>1 (aux6<13>)
     LUT6:I0->O            1   0.203   0.000  Madd_F_lut<14> (Madd_F_lut<14>)
     MUXCY:S->O            0   0.172   0.000  Madd_F_cy<14> (Madd_F_cy<14>)
     XORCY:CI->O           1   0.180   0.579  Madd_F_xor<15> (Product_15_OBUF)
     OBUF:I->O                 2.571          Product_15_OBUF (Product<15>)
    ----------------------------------------
    Total                     14.848ns (5.771ns logic, 9.077ns route)
                                       (38.9% logic, 61.1% route)

=========================================================================

Cross Clock Domains Report:
--------------------------

=========================================================================


Total REAL time to Xst completion: 6.00 secs
Total CPU time to Xst completion: 3.12 secs
 
--> 


Total memory usage is 477436 kilobytes

Number of errors   :    0 (   0 filtered)
Number of warnings :    3 (   0 filtered)
Number of infos    :    2 (   0 filtered)

